::ffff:98.224.216.111 - - [17/May/2017:04:00:23 +0000] "GET / HTTP/1.1" 304 - "-" "Mozilla/5.0 (Windows NT 10.0; Win64; x64) AppleWebKit/537.36 (KHTML, like Gecko) Chrome/58.0.3029.110 Safari/537.36"
::ffff:98.224.216.111 - - [17/May/2017:04:00:24 +0000] "GET /favicon.ico HTTP/1.1" 304 - "http://98.224.216.111:3000/" "Mozilla/5.0 (Windows NT 10.0; Win64; x64) AppleWebKit/537.36 (KHTML, like Gecko) Chrome/58.0.3029.110 Safari/537.36"
::ffff:98.224.216.111 - - [17/May/2017:04:00:27 +0000] "POST /auth/login HTTP/1.1" 200 259 "http://98.224.216.111:3000/" "Mozilla/5.0 (Windows NT 10.0; Win64; x64) AppleWebKit/537.36 (KHTML, like Gecko) Chrome/58.0.3029.110 Safari/537.36"
::ffff:98.224.216.111 - - [17/May/2017:04:00:27 +0000] "POST /monitor/process/Load_News_Event HTTP/1.1" 200 - "http://98.224.216.111:3000/" "Mozilla/5.0 (Windows NT 10.0; Win64; x64) AppleWebKit/537.36 (KHTML, like Gecko) Chrome/58.0.3029.110 Safari/537.36"
::ffff:98.224.216.111 - - [17/May/2017:04:00:27 +0000] "GET /favicon.ico HTTP/1.1" 304 - "http://98.224.216.111:3000/" "Mozilla/5.0 (Windows NT 10.0; Win64; x64) AppleWebKit/537.36 (KHTML, like Gecko) Chrome/58.0.3029.110 Safari/537.36"
::ffff:98.224.216.111 - - [17/May/2017:04:00:27 +0000] "GET /news/userId/wgltony@hotmail.com/pageNum/1 HTTP/1.1" 200 6837 "http://98.224.216.111:3000/" "Mozilla/5.0 (Windows NT 10.0; Win64; x64) AppleWebKit/537.36 (KHTML, like Gecko) Chrome/58.0.3029.110 Safari/537.36"
::ffff:98.224.216.111 - - [17/May/2017:04:00:45 +0000] "POST /monitor/process/Load_News_Event HTTP/1.1" 200 - "http://98.224.216.111:3000/" "Mozilla/5.0 (Windows NT 10.0; Win64; x64) AppleWebKit/537.36 (KHTML, like Gecko) Chrome/58.0.3029.110 Safari/537.36"
::ffff:98.224.216.111 - - [17/May/2017:04:00:45 +0000] "GET /news/userId/wgltony@hotmail.com/pageNum/2 HTTP/1.1" 200 5919 "http://98.224.216.111:3000/" "Mozilla/5.0 (Windows NT 10.0; Win64; x64) AppleWebKit/537.36 (KHTML, like Gecko) Chrome/58.0.3029.110 Safari/537.36"
::ffff:98.224.216.111 - - [17/May/2017:04:06:42 +0000] "GET /favicon.ico HTTP/1.1" 304 - "http://98.224.216.111:3000/profile" "Mozilla/5.0 (Windows NT 10.0; Win64; x64) AppleWebKit/537.36 (KHTML, like Gecko) Chrome/58.0.3029.110 Safari/537.36"
::ffff:127.0.0.1 - - [17/May/2017:17:36:22 +0000] "GET / HTTP/1.1" 200 744 "-" "Mozilla/5.0 (X11; Linux x86_64) AppleWebKit/537.36 (KHTML, like Gecko) Chrome/58.0.3029.110 Safari/537.36"
::ffff:127.0.0.1 - - [17/May/2017:17:36:23 +0000] "GET /favicon.ico HTTP/1.1" 304 - "http://localhost:3000/" "Mozilla/5.0 (X11; Linux x86_64) AppleWebKit/537.36 (KHTML, like Gecko) Chrome/58.0.3029.110 Safari/537.36"
::ffff:98.224.216.111 - - [18/May/2017:00:11:06 +0000] "GET / HTTP/1.1" 200 744 "-" "Mozilla/5.0 (Windows NT 10.0; Win64; x64) AppleWebKit/537.36 (KHTML, like Gecko) Chrome/58.0.3029.110 Safari/537.36"
::ffff:98.224.216.111 - - [18/May/2017:00:11:06 +0000] "POST /monitor/process/Load_News_Event HTTP/1.1" 200 - "http://98.224.216.111:3000/" "Mozilla/5.0 (Windows NT 10.0; Win64; x64) AppleWebKit/537.36 (KHTML, like Gecko) Chrome/58.0.3029.110 Safari/537.36"
::ffff:98.224.216.111 - - [18/May/2017:00:11:06 +0000] "GET /favicon.ico HTTP/1.1" 304 - "http://98.224.216.111:3000/" "Mozilla/5.0 (Windows NT 10.0; Win64; x64) AppleWebKit/537.36 (KHTML, like Gecko) Chrome/58.0.3029.110 Safari/537.36"
::ffff:98.224.216.111 - - [18/May/2017:00:11:06 +0000] "GET /news/userId/wgltony@hotmail.com/pageNum/1 HTTP/1.1" 200 6240 "http://98.224.216.111:3000/" "Mozilla/5.0 (Windows NT 10.0; Win64; x64) AppleWebKit/537.36 (KHTML, like Gecko) Chrome/58.0.3029.110 Safari/537.36"
::ffff:69.136.136.210 - - [18/May/2017:00:11:27 +0000] "GET / HTTP/1.1" 304 - "-" "Mozilla/5.0 (Windows NT 10.0; Win64; x64) AppleWebKit/537.36 (KHTML, like Gecko) Chrome/58.0.3029.110 Safari/537.36"
::ffff:69.136.136.210 - - [18/May/2017:00:11:27 +0000] "GET /favicon.ico HTTP/1.1" 200 13 "http://98.224.216.111:3000/" "Mozilla/5.0 (Windows NT 10.0; Win64; x64) AppleWebKit/537.36 (KHTML, like Gecko) Chrome/58.0.3029.110 Safari/537.36"
::ffff:69.136.136.210 - - [18/May/2017:00:11:27 +0000] "POST /monitor/process/Load_News_Event HTTP/1.1" 200 - "http://98.224.216.111:3000/" "Mozilla/5.0 (Windows NT 10.0; Win64; x64) AppleWebKit/537.36 (KHTML, like Gecko) Chrome/58.0.3029.110 Safari/537.36"
::ffff:69.136.136.210 - - [18/May/2017:00:11:28 +0000] "GET /news/userId/wgltony@hotmail.com/pageNum/1 HTTP/1.1" 304 - "http://98.224.216.111:3000/" "Mozilla/5.0 (Windows NT 10.0; Win64; x64) AppleWebKit/537.36 (KHTML, like Gecko) Chrome/58.0.3029.110 Safari/537.36"
::ffff:69.136.136.210 - - [18/May/2017:00:11:35 +0000] "POST /monitor/process/Load_News_Event HTTP/1.1" 200 - "http://98.224.216.111:3000/" "Mozilla/5.0 (Windows NT 10.0; Win64; x64) AppleWebKit/537.36 (KHTML, like Gecko) Chrome/58.0.3029.110 Safari/537.36"
::ffff:69.136.136.210 - - [18/May/2017:00:11:35 +0000] "GET /news/userId/wgltony@hotmail.com/pageNum/2 HTTP/1.1" 200 6808 "http://98.224.216.111:3000/" "Mozilla/5.0 (Windows NT 10.0; Win64; x64) AppleWebKit/537.36 (KHTML, like Gecko) Chrome/58.0.3029.110 Safari/537.36"
::ffff:69.136.136.210 - - [18/May/2017:00:11:37 +0000] "POST /monitor/process/Load_News_Event HTTP/1.1" 200 - "http://98.224.216.111:3000/" "Mozilla/5.0 (Windows NT 10.0; Win64; x64) AppleWebKit/537.36 (KHTML, like Gecko) Chrome/58.0.3029.110 Safari/537.36"
::ffff:69.136.136.210 - - [18/May/2017:00:11:37 +0000] "GET /news/userId/wgltony@hotmail.com/pageNum/3 HTTP/1.1" 200 6452 "http://98.224.216.111:3000/" "Mozilla/5.0 (Windows NT 10.0; Win64; x64) AppleWebKit/537.36 (KHTML, like Gecko) Chrome/58.0.3029.110 Safari/537.36"
::ffff:69.136.136.210 - - [18/May/2017:00:11:40 +0000] "GET /favicon.ico HTTP/1.1" 304 - "http://98.224.216.111:3000/profile" "Mozilla/5.0 (Windows NT 10.0; Win64; x64) AppleWebKit/537.36 (KHTML, like Gecko) Chrome/58.0.3029.110 Safari/537.36"
::ffff:69.136.136.210 - - [18/May/2017:00:11:55 +0000] "GET / HTTP/1.1" 304 - "http://98.224.216.111:3000/profile" "Mozilla/5.0 (Windows NT 10.0; Win64; x64) AppleWebKit/537.36 (KHTML, like Gecko) Chrome/58.0.3029.110 Safari/537.36"
::ffff:69.136.136.210 - - [18/May/2017:00:11:55 +0000] "POST /monitor/process/Load_News_Event HTTP/1.1" 200 - "http://98.224.216.111:3000/" "Mozilla/5.0 (Windows NT 10.0; Win64; x64) AppleWebKit/537.36 (KHTML, like Gecko) Chrome/58.0.3029.110 Safari/537.36"
::ffff:69.136.136.210 - - [18/May/2017:00:11:56 +0000] "GET /news/userId/wgltony@hotmail.com/pageNum/1 HTTP/1.1" 304 - "http://98.224.216.111:3000/" "Mozilla/5.0 (Windows NT 10.0; Win64; x64) AppleWebKit/537.36 (KHTML, like Gecko) Chrome/58.0.3029.110 Safari/537.36"
::ffff:69.136.136.210 - - [18/May/2017:00:11:56 +0000] "GET /favicon.ico HTTP/1.1" 304 - "http://98.224.216.111:3000/" "Mozilla/5.0 (Windows NT 10.0; Win64; x64) AppleWebKit/537.36 (KHTML, like Gecko) Chrome/58.0.3029.110 Safari/537.36"
::ffff:98.224.216.111 - - [18/May/2017:00:12:37 +0000] "GET / HTTP/1.1" 200 744 "-" "Mozilla/5.0 (Macintosh; Intel Mac OS X 10_12_5) AppleWebKit/537.36 (KHTML, like Gecko) Chrome/58.0.3029.110 Safari/537.36"
::ffff:98.224.216.111 - - [18/May/2017:00:12:37 +0000] "POST /monitor/process/Load_News_Event HTTP/1.1" 200 - "http://98.224.216.111:3000/" "Mozilla/5.0 (Macintosh; Intel Mac OS X 10_12_5) AppleWebKit/537.36 (KHTML, like Gecko) Chrome/58.0.3029.110 Safari/537.36"
::ffff:98.224.216.111 - - [18/May/2017:00:12:38 +0000] "GET /news/userId/wgltony@hotmail.com/pageNum/1 HTTP/1.1" 200 6759 "http://98.224.216.111:3000/" "Mozilla/5.0 (Macintosh; Intel Mac OS X 10_12_5) AppleWebKit/537.36 (KHTML, like Gecko) Chrome/58.0.3029.110 Safari/537.36"
::ffff:98.224.216.111 - - [18/May/2017:00:12:38 +0000] "GET /favicon.ico HTTP/1.1" 200 13 "http://98.224.216.111:3000/" "Mozilla/5.0 (Macintosh; Intel Mac OS X 10_12_5) AppleWebKit/537.36 (KHTML, like Gecko) Chrome/58.0.3029.110 Safari/537.36"
::ffff:98.224.216.111 - - [18/May/2017:00:14:35 +0000] "POST /monitor/process/Load_News_Event HTTP/1.1" 200 - "http://98.224.216.111:3000/" "Mozilla/5.0 (Macintosh; Intel Mac OS X 10_12_5) AppleWebKit/537.36 (KHTML, like Gecko) Chrome/58.0.3029.110 Safari/537.36"
::ffff:98.224.216.111 - - [18/May/2017:00:14:36 +0000] "GET /news/userId/wgltony@hotmail.com/pageNum/2 HTTP/1.1" 200 6041 "http://98.224.216.111:3000/" "Mozilla/5.0 (Macintosh; Intel Mac OS X 10_12_5) AppleWebKit/537.36 (KHTML, like Gecko) Chrome/58.0.3029.110 Safari/537.36"
::ffff:98.224.216.111 - - [18/May/2017:00:18:11 +0000] "POST /monitor/process/Load_News_Event HTTP/1.1" 200 - "http://98.224.216.111:3000/" "Mozilla/5.0 (Macintosh; Intel Mac OS X 10_12_5) AppleWebKit/537.36 (KHTML, like Gecko) Chrome/58.0.3029.110 Safari/537.36"
::ffff:98.224.216.111 - - [18/May/2017:00:18:11 +0000] "GET /news/userId/wgltony@hotmail.com/pageNum/3 HTTP/1.1" 200 6349 "http://98.224.216.111:3000/" "Mozilla/5.0 (Macintosh; Intel Mac OS X 10_12_5) AppleWebKit/537.36 (KHTML, like Gecko) Chrome/58.0.3029.110 Safari/537.36"
::ffff:69.136.136.210 - - [18/May/2017:00:21:55 +0000] "POST /monitor/process/Search_News_Event HTTP/1.1" 200 - "http://98.224.216.111:3000/" "Mozilla/5.0 (Windows NT 10.0; Win64; x64) AppleWebKit/537.36 (KHTML, like Gecko) Chrome/58.0.3029.110 Safari/537.36"
::ffff:69.136.136.210 - - [18/May/2017:00:21:55 +0000] "GET /search/userId/wgltony@hotmail.com/pageNum/1/key/amazon HTTP/1.1" 200 6313 "http://98.224.216.111:3000/" "Mozilla/5.0 (Windows NT 10.0; Win64; x64) AppleWebKit/537.36 (KHTML, like Gecko) Chrome/58.0.3029.110 Safari/537.36"
::ffff:69.136.136.210 - - [18/May/2017:00:22:23 +0000] "POST /monitor/process/Search_News_Event HTTP/1.1" 200 - "http://98.224.216.111:3000/" "Mozilla/5.0 (Windows NT 10.0; Win64; x64) AppleWebKit/537.36 (KHTML, like Gecko) Chrome/58.0.3029.110 Safari/537.36"
::ffff:69.136.136.210 - - [18/May/2017:00:22:23 +0000] "GET /search/userId/wgltony@hotmail.com/pageNum/2/key/amazon HTTP/1.1" 304 - "http://98.224.216.111:3000/" "Mozilla/5.0 (Windows NT 10.0; Win64; x64) AppleWebKit/537.36 (KHTML, like Gecko) Chrome/58.0.3029.110 Safari/537.36"
::ffff:69.136.136.210 - - [18/May/2017:00:22:31 +0000] "GET /favicon.ico HTTP/1.1" 304 - "http://98.224.216.111:3000/profile" "Mozilla/5.0 (Windows NT 10.0; Win64; x64) AppleWebKit/537.36 (KHTML, like Gecko) Chrome/58.0.3029.110 Safari/537.36"
::ffff:69.136.136.210 - - [18/May/2017:00:22:47 +0000] "GET /favicon.ico HTTP/1.1" 304 - "http://98.224.216.111:3000/" "Mozilla/5.0 (Windows NT 10.0; Win64; x64) AppleWebKit/537.36 (KHTML, like Gecko) Chrome/58.0.3029.110 Safari/537.36"
::ffff:69.136.136.210 - - [18/May/2017:00:22:52 +0000] "GET /favicon.ico HTTP/1.1" 304 - "http://98.224.216.111:3000/signup" "Mozilla/5.0 (Windows NT 10.0; Win64; x64) AppleWebKit/537.36 (KHTML, like Gecko) Chrome/58.0.3029.110 Safari/537.36"
::ffff:69.136.136.210 - - [18/May/2017:00:23:10 +0000] "POST /auth/signup HTTP/1.1" 200 95 "http://98.224.216.111:3000/signup" "Mozilla/5.0 (Windows NT 10.0; Win64; x64) AppleWebKit/537.36 (KHTML, like Gecko) Chrome/58.0.3029.110 Safari/537.36"
::ffff:69.136.136.210 - - [18/May/2017:00:23:10 +0000] "POST /auth/login HTTP/1.1" 200 263 "http://98.224.216.111:3000/signup" "Mozilla/5.0 (Windows NT 10.0; Win64; x64) AppleWebKit/537.36 (KHTML, like Gecko) Chrome/58.0.3029.110 Safari/537.36"
::ffff:69.136.136.210 - - [18/May/2017:00:23:10 +0000] "POST /monitor/process/Load_News_Event HTTP/1.1" 200 - "http://98.224.216.111:3000/" "Mozilla/5.0 (Windows NT 10.0; Win64; x64) AppleWebKit/537.36 (KHTML, like Gecko) Chrome/58.0.3029.110 Safari/537.36"
::ffff:69.136.136.210 - - [18/May/2017:00:23:10 +0000] "GET /news/userId/wgltony136660@gmail.com/pageNum/1 HTTP/1.1" 200 5708 "http://98.224.216.111:3000/" "Mozilla/5.0 (Windows NT 10.0; Win64; x64) AppleWebKit/537.36 (KHTML, like Gecko) Chrome/58.0.3029.110 Safari/537.36"
::ffff:69.136.136.210 - - [18/May/2017:00:23:10 +0000] "GET /favicon.ico HTTP/1.1" 304 - "http://98.224.216.111:3000/" "Mozilla/5.0 (Windows NT 10.0; Win64; x64) AppleWebKit/537.36 (KHTML, like Gecko) Chrome/58.0.3029.110 Safari/537.36"
::ffff:69.136.136.210 - - [18/May/2017:00:23:46 +0000] "GET /favicon.ico HTTP/1.1" 304 - "http://98.224.216.111:3000/profile" "Mozilla/5.0 (Windows NT 10.0; Win64; x64) AppleWebKit/537.36 (KHTML, like Gecko) Chrome/58.0.3029.110 Safari/537.36"
::ffff:69.136.136.210 - - [18/May/2017:00:24:02 +0000] "GET /profile HTTP/1.1" 200 744 "http://98.224.216.111:3000/profile" "Mozilla/5.0 (Windows NT 10.0; Win64; x64) AppleWebKit/537.36 (KHTML, like Gecko) Chrome/58.0.3029.110 Safari/537.36"
::ffff:69.136.136.210 - - [18/May/2017:00:24:04 +0000] "GET /favicon.ico HTTP/1.1" 200 13 "http://98.224.216.111:3000/profile" "Mozilla/5.0 (Windows NT 10.0; Win64; x64) AppleWebKit/537.36 (KHTML, like Gecko) Chrome/58.0.3029.110 Safari/537.36"
::ffff:69.136.136.210 - - [18/May/2017:00:24:41 +0000] "GET / HTTP/1.1" 304 - "http://98.224.216.111:3000/profile" "Mozilla/5.0 (Windows NT 10.0; Win64; x64) AppleWebKit/537.36 (KHTML, like Gecko) Chrome/58.0.3029.110 Safari/537.36"
::ffff:69.136.136.210 - - [18/May/2017:00:24:42 +0000] "POST /monitor/process/Load_News_Event HTTP/1.1" 200 - "http://98.224.216.111:3000/" "Mozilla/5.0 (Windows NT 10.0; Win64; x64) AppleWebKit/537.36 (KHTML, like Gecko) Chrome/58.0.3029.110 Safari/537.36"
::ffff:69.136.136.210 - - [18/May/2017:00:24:42 +0000] "GET /news/userId/wgltony136660@gmail.com/pageNum/1 HTTP/1.1" 304 - "http://98.224.216.111:3000/" "Mozilla/5.0 (Windows NT 10.0; Win64; x64) AppleWebKit/537.36 (KHTML, like Gecko) Chrome/58.0.3029.110 Safari/537.36"
::ffff:69.136.136.210 - - [18/May/2017:00:24:42 +0000] "GET /favicon.ico HTTP/1.1" 304 - "http://98.224.216.111:3000/" "Mozilla/5.0 (Windows NT 10.0; Win64; x64) AppleWebKit/537.36 (KHTML, like Gecko) Chrome/58.0.3029.110 Safari/537.36"
::ffff:69.136.136.210 - - [18/May/2017:00:24:54 +0000] "POST /monitor/process/Load_News_Event HTTP/1.1" 200 - "http://98.224.216.111:3000/" "Mozilla/5.0 (Windows NT 10.0; Win64; x64) AppleWebKit/537.36 (KHTML, like Gecko) Chrome/58.0.3029.110 Safari/537.36"
::ffff:69.136.136.210 - - [18/May/2017:00:24:54 +0000] "GET /news/userId/wgltony136660@gmail.com/pageNum/2 HTTP/1.1" 200 6319 "http://98.224.216.111:3000/" "Mozilla/5.0 (Windows NT 10.0; Win64; x64) AppleWebKit/537.36 (KHTML, like Gecko) Chrome/58.0.3029.110 Safari/537.36"
::ffff:69.136.136.210 - - [18/May/2017:00:24:58 +0000] "POST /monitor/process/Load_News_Event HTTP/1.1" 200 - "http://98.224.216.111:3000/" "Mozilla/5.0 (Windows NT 10.0; Win64; x64) AppleWebKit/537.36 (KHTML, like Gecko) Chrome/58.0.3029.110 Safari/537.36"
::ffff:69.136.136.210 - - [18/May/2017:00:24:58 +0000] "GET /news/userId/wgltony136660@gmail.com/pageNum/3 HTTP/1.1" 200 6829 "http://98.224.216.111:3000/" "Mozilla/5.0 (Windows NT 10.0; Win64; x64) AppleWebKit/537.36 (KHTML, like Gecko) Chrome/58.0.3029.110 Safari/537.36"
::ffff:69.136.136.210 - - [18/May/2017:00:24:58 +0000] "GET /?w=720 HTTP/1.1" 200 744 "http://98.224.216.111:3000/" "Mozilla/5.0 (Windows NT 10.0; Win64; x64) AppleWebKit/537.36 (KHTML, like Gecko) Chrome/58.0.3029.110 Safari/537.36"
::ffff:69.136.136.210 - - [18/May/2017:00:25:06 +0000] "GET /?w=720 HTTP/1.1" 304 - "http://98.224.216.111:3000/" "Mozilla/5.0 (Windows NT 10.0; Win64; x64) AppleWebKit/537.36 (KHTML, like Gecko) Chrome/58.0.3029.110 Safari/537.36"
::ffff:69.136.136.210 - - [18/May/2017:00:25:09 +0000] "POST /monitor/process/Load_News_Event HTTP/1.1" 200 - "http://98.224.216.111:3000/" "Mozilla/5.0 (Windows NT 10.0; Win64; x64) AppleWebKit/537.36 (KHTML, like Gecko) Chrome/58.0.3029.110 Safari/537.36"
::ffff:69.136.136.210 - - [18/May/2017:00:25:09 +0000] "GET /news/userId/wgltony136660@gmail.com/pageNum/4 HTTP/1.1" 200 6923 "http://98.224.216.111:3000/" "Mozilla/5.0 (Windows NT 10.0; Win64; x64) AppleWebKit/537.36 (KHTML, like Gecko) Chrome/58.0.3029.110 Safari/537.36"
::ffff:69.136.136.210 - - [18/May/2017:00:25:09 +0000] "GET /?w=720 HTTP/1.1" 304 - "http://98.224.216.111:3000/" "Mozilla/5.0 (Windows NT 10.0; Win64; x64) AppleWebKit/537.36 (KHTML, like Gecko) Chrome/58.0.3029.110 Safari/537.36"
::ffff:69.136.136.210 - - [18/May/2017:00:25:17 +0000] "GET /favicon.ico HTTP/1.1" 304 - "http://98.224.216.111:3000/" "Mozilla/5.0 (Windows NT 10.0; Win64; x64) AppleWebKit/537.36 (KHTML, like Gecko) Chrome/58.0.3029.110 Safari/537.36"
::ffff:69.136.136.210 - - [18/May/2017:00:25:18 +0000] "POST /auth/login HTTP/1.1" 200 259 "http://98.224.216.111:3000/" "Mozilla/5.0 (Windows NT 10.0; Win64; x64) AppleWebKit/537.36 (KHTML, like Gecko) Chrome/58.0.3029.110 Safari/537.36"
::ffff:69.136.136.210 - - [18/May/2017:00:25:18 +0000] "POST /monitor/process/Load_News_Event HTTP/1.1" 200 - "http://98.224.216.111:3000/" "Mozilla/5.0 (Windows NT 10.0; Win64; x64) AppleWebKit/537.36 (KHTML, like Gecko) Chrome/58.0.3029.110 Safari/537.36"
::ffff:69.136.136.210 - - [18/May/2017:00:25:18 +0000] "GET /favicon.ico HTTP/1.1" 304 - "http://98.224.216.111:3000/" "Mozilla/5.0 (Windows NT 10.0; Win64; x64) AppleWebKit/537.36 (KHTML, like Gecko) Chrome/58.0.3029.110 Safari/537.36"
::ffff:69.136.136.210 - - [18/May/2017:00:25:18 +0000] "GET /news/userId/wgltony@hotmail.com/pageNum/1 HTTP/1.1" 200 6622 "http://98.224.216.111:3000/" "Mozilla/5.0 (Windows NT 10.0; Win64; x64) AppleWebKit/537.36 (KHTML, like Gecko) Chrome/58.0.3029.110 Safari/537.36"
::ffff:69.136.136.210 - - [18/May/2017:00:25:24 +0000] "GET /favicon.ico HTTP/1.1" 304 - "http://98.224.216.111:3000/profile" "Mozilla/5.0 (Windows NT 10.0; Win64; x64) AppleWebKit/537.36 (KHTML, like Gecko) Chrome/58.0.3029.110 Safari/537.36"
::ffff:69.136.136.210 - - [18/May/2017:00:25:52 +0000] "GET /profile HTTP/1.1" 304 - "http://98.224.216.111:3000/profile" "Mozilla/5.0 (Windows NT 10.0; Win64; x64) AppleWebKit/537.36 (KHTML, like Gecko) Chrome/58.0.3029.110 Safari/537.36"
::ffff:69.136.136.210 - - [18/May/2017:00:25:53 +0000] "GET /favicon.ico HTTP/1.1" 200 13 "http://98.224.216.111:3000/profile" "Mozilla/5.0 (Windows NT 10.0; Win64; x64) AppleWebKit/537.36 (KHTML, like Gecko) Chrome/58.0.3029.110 Safari/537.36"
::ffff:69.136.136.210 - - [18/May/2017:00:26:19 +0000] "GET /favicon.ico HTTP/1.1" 304 - "http://98.224.216.111:3000/profile" "Mozilla/5.0 (Windows NT 10.0; Win64; x64) AppleWebKit/537.36 (KHTML, like Gecko) Chrome/58.0.3029.110 Safari/537.36"
::ffff:69.136.136.210 - - [18/May/2017:00:26:20 +0000] "GET / HTTP/1.1" 304 - "http://98.224.216.111:3000/profile" "Mozilla/5.0 (Windows NT 10.0; Win64; x64) AppleWebKit/537.36 (KHTML, like Gecko) Chrome/58.0.3029.110 Safari/537.36"
::ffff:69.136.136.210 - - [18/May/2017:00:26:21 +0000] "POST /monitor/process/Load_News_Event HTTP/1.1" 200 - "http://98.224.216.111:3000/" "Mozilla/5.0 (Windows NT 10.0; Win64; x64) AppleWebKit/537.36 (KHTML, like Gecko) Chrome/58.0.3029.110 Safari/537.36"
::ffff:69.136.136.210 - - [18/May/2017:00:26:21 +0000] "GET /news/userId/wgltony@hotmail.com/pageNum/1 HTTP/1.1" 304 - "http://98.224.216.111:3000/" "Mozilla/5.0 (Windows NT 10.0; Win64; x64) AppleWebKit/537.36 (KHTML, like Gecko) Chrome/58.0.3029.110 Safari/537.36"
::ffff:69.136.136.210 - - [18/May/2017:00:26:21 +0000] "GET /favicon.ico HTTP/1.1" 304 - "http://98.224.216.111:3000/" "Mozilla/5.0 (Windows NT 10.0; Win64; x64) AppleWebKit/537.36 (KHTML, like Gecko) Chrome/58.0.3029.110 Safari/537.36"
::ffff:69.136.136.210 - - [18/May/2017:00:30:09 +0000] "POST /monitor/process/Load_News_Event HTTP/1.1" 200 - "http://98.224.216.111:3000/" "Mozilla/5.0 (Windows NT 10.0; Win64; x64) AppleWebKit/537.36 (KHTML, like Gecko) Chrome/58.0.3029.110 Safari/537.36"
::ffff:69.136.136.210 - - [18/May/2017:00:30:09 +0000] "GET /news/userId/wgltony@hotmail.com/pageNum/2 HTTP/1.1" 200 6221 "http://98.224.216.111:3000/" "Mozilla/5.0 (Windows NT 10.0; Win64; x64) AppleWebKit/537.36 (KHTML, like Gecko) Chrome/58.0.3029.110 Safari/537.36"
::ffff:69.136.136.210 - - [18/May/2017:00:30:15 +0000] "POST /monitor/process/Load_News_Event HTTP/1.1" 200 - "http://98.224.216.111:3000/" "Mozilla/5.0 (Windows NT 10.0; Win64; x64) AppleWebKit/537.36 (KHTML, like Gecko) Chrome/58.0.3029.110 Safari/537.36"
::ffff:69.136.136.210 - - [18/May/2017:00:30:15 +0000] "GET /news/userId/wgltony@hotmail.com/pageNum/3 HTTP/1.1" 200 6181 "http://98.224.216.111:3000/" "Mozilla/5.0 (Windows NT 10.0; Win64; x64) AppleWebKit/537.36 (KHTML, like Gecko) Chrome/58.0.3029.110 Safari/537.36"
::ffff:69.136.136.210 - - [18/May/2017:00:30:29 +0000] "GET /favicon.ico HTTP/1.1" 304 - "http://98.224.216.111:3000/profile" "Mozilla/5.0 (Windows NT 10.0; Win64; x64) AppleWebKit/537.36 (KHTML, like Gecko) Chrome/58.0.3029.110 Safari/537.36"
::ffff:69.136.136.210 - - [18/May/2017:00:48:27 +0000] "GET / HTTP/1.1" 200 744 "http://98.224.216.111:3000/profile" "Mozilla/5.0 (Windows NT 10.0; Win64; x64) AppleWebKit/537.36 (KHTML, like Gecko) Chrome/58.0.3029.110 Safari/537.36"
::ffff:69.136.136.210 - - [18/May/2017:00:48:28 +0000] "POST /monitor/process/Load_News_Event HTTP/1.1" 200 - "http://98.224.216.111:3000/" "Mozilla/5.0 (Windows NT 10.0; Win64; x64) AppleWebKit/537.36 (KHTML, like Gecko) Chrome/58.0.3029.110 Safari/537.36"
::ffff:69.136.136.210 - - [18/May/2017:00:48:28 +0000] "GET /favicon.ico HTTP/1.1" 304 - "http://98.224.216.111:3000/" "Mozilla/5.0 (Windows NT 10.0; Win64; x64) AppleWebKit/537.36 (KHTML, like Gecko) Chrome/58.0.3029.110 Safari/537.36"
::ffff:69.136.136.210 - - [18/May/2017:00:48:28 +0000] "GET /news/userId/wgltony@hotmail.com/pageNum/1 HTTP/1.1" 304 - "http://98.224.216.111:3000/" "Mozilla/5.0 (Windows NT 10.0; Win64; x64) AppleWebKit/537.36 (KHTML, like Gecko) Chrome/58.0.3029.110 Safari/537.36"
::ffff:69.136.136.210 - - [18/May/2017:00:48:40 +0000] "GET / HTTP/1.1" 304 - "http://98.224.216.111:3000/profile" "Mozilla/5.0 (Windows NT 10.0; Win64; x64) AppleWebKit/537.36 (KHTML, like Gecko) Chrome/58.0.3029.110 Safari/537.36"
::ffff:69.136.136.210 - - [18/May/2017:00:48:41 +0000] "POST /monitor/process/Load_News_Event HTTP/1.1" 200 - "http://98.224.216.111:3000/" "Mozilla/5.0 (Windows NT 10.0; Win64; x64) AppleWebKit/537.36 (KHTML, like Gecko) Chrome/58.0.3029.110 Safari/537.36"
::ffff:69.136.136.210 - - [18/May/2017:00:48:41 +0000] "GET /news/userId/wgltony@hotmail.com/pageNum/1 HTTP/1.1" 304 - "http://98.224.216.111:3000/" "Mozilla/5.0 (Windows NT 10.0; Win64; x64) AppleWebKit/537.36 (KHTML, like Gecko) Chrome/58.0.3029.110 Safari/537.36"
::ffff:69.136.136.210 - - [18/May/2017:00:48:41 +0000] "GET /favicon.ico HTTP/1.1" 200 13 "http://98.224.216.111:3000/" "Mozilla/5.0 (Windows NT 10.0; Win64; x64) AppleWebKit/537.36 (KHTML, like Gecko) Chrome/58.0.3029.110 Safari/537.36"
::ffff:98.224.216.111 - - [18/May/2017:00:53:00 +0000] "GET / HTTP/1.1" 200 744 "-" "Mozilla/5.0 (Macintosh; Intel Mac OS X 10_12_5) AppleWebKit/537.36 (KHTML, like Gecko) Chrome/58.0.3029.110 Safari/537.36"
::ffff:98.224.216.111 - - [18/May/2017:00:53:00 +0000] "POST /monitor/process/Load_News_Event HTTP/1.1" 200 - "http://98.224.216.111:3000/" "Mozilla/5.0 (Macintosh; Intel Mac OS X 10_12_5) AppleWebKit/537.36 (KHTML, like Gecko) Chrome/58.0.3029.110 Safari/537.36"
::ffff:98.224.216.111 - - [18/May/2017:00:53:00 +0000] "GET /news/userId/wgltony@hotmail.com/pageNum/1 HTTP/1.1" 200 6622 "http://98.224.216.111:3000/" "Mozilla/5.0 (Macintosh; Intel Mac OS X 10_12_5) AppleWebKit/537.36 (KHTML, like Gecko) Chrome/58.0.3029.110 Safari/537.36"
::ffff:98.224.216.111 - - [18/May/2017:00:53:01 +0000] "GET /favicon.ico HTTP/1.1" 304 - "http://98.224.216.111:3000/" "Mozilla/5.0 (Macintosh; Intel Mac OS X 10_12_5) AppleWebKit/537.36 (KHTML, like Gecko) Chrome/58.0.3029.110 Safari/537.36"
::ffff:24.6.51.10 - - [18/May/2017:02:03:46 +0000] "GET / HTTP/1.1" 200 744 "-" "Mozilla/5.0 (Macintosh; Intel Mac OS X 10_12_4) AppleWebKit/603.1.30 (KHTML, like Gecko) Version/10.1 Safari/603.1.30"
::ffff:24.6.51.10 - - [18/May/2017:02:03:47 +0000] "GET /favicon.ico HTTP/1.1" 200 13 "http://98.224.216.111:3000/" "Mozilla/5.0 (Macintosh; Intel Mac OS X 10_12_4) AppleWebKit/603.1.30 (KHTML, like Gecko) Version/10.1 Safari/603.1.30"
::ffff:96.230.245.9 - - [18/May/2017:02:04:31 +0000] "GET / HTTP/1.1" 200 744 "-" "Mozilla/5.0 (Macintosh; Intel Mac OS X 10_12_4) AppleWebKit/537.36 (KHTML, like Gecko) Chrome/60.0.3094.0 Safari/537.36"
::ffff:96.230.245.9 - - [18/May/2017:02:04:32 +0000] "GET /favicon.ico HTTP/1.1" 200 13 "http://98.224.216.111:3000/" "Mozilla/5.0 (Macintosh; Intel Mac OS X 10_12_4) AppleWebKit/537.36 (KHTML, like Gecko) Chrome/60.0.3094.0 Safari/537.36"
::ffff:24.6.51.10 - - [18/May/2017:02:04:43 +0000] "GET /signup HTTP/1.1" 200 744 "-" "Mozilla/5.0 (Macintosh; Intel Mac OS X 10_12_4) AppleWebKit/537.36 (KHTML, like Gecko) Chrome/58.0.3029.110 Safari/537.36"
::ffff:69.26.141.38 - - [18/May/2017:02:04:46 +0000] "GET / HTTP/1.1" 200 744 "-" "Mozilla/5.0 (X11; Linux x86_64) AppleWebKit/537.36 (KHTML, like Gecko) Chrome/57.0.2987.110 Safari/537.36"
::ffff:24.6.51.10 - - [18/May/2017:02:04:47 +0000] "GET /favicon.ico HTTP/1.1" 200 13 "http://98.224.216.111:3000/signup" "Mozilla/5.0 (Macintosh; Intel Mac OS X 10_12_4) AppleWebKit/537.36 (KHTML, like Gecko) Chrome/58.0.3029.110 Safari/537.36"
::ffff:69.26.141.38 - - [18/May/2017:02:04:48 +0000] "GET /favicon.ico HTTP/1.1" 200 13 "http://98.224.216.111:3000/" "Mozilla/5.0 (X11; Linux x86_64) AppleWebKit/537.36 (KHTML, like Gecko) Chrome/57.0.2987.110 Safari/537.36"
::ffff:24.6.51.10 - - [18/May/2017:02:04:57 +0000] "POST /auth/signup HTTP/1.1" 200 95 "http://98.224.216.111:3000/signup" "Mozilla/5.0 (Macintosh; Intel Mac OS X 10_12_4) AppleWebKit/537.36 (KHTML, like Gecko) Chrome/58.0.3029.110 Safari/537.36"
::ffff:24.6.51.10 - - [18/May/2017:02:04:57 +0000] "POST /auth/login HTTP/1.1" 200 247 "http://98.224.216.111:3000/signup" "Mozilla/5.0 (Macintosh; Intel Mac OS X 10_12_4) AppleWebKit/537.36 (KHTML, like Gecko) Chrome/58.0.3029.110 Safari/537.36"
::ffff:24.6.51.10 - - [18/May/2017:02:04:57 +0000] "POST /monitor/process/Load_News_Event HTTP/1.1" 200 - "http://98.224.216.111:3000/" "Mozilla/5.0 (Macintosh; Intel Mac OS X 10_12_4) AppleWebKit/537.36 (KHTML, like Gecko) Chrome/58.0.3029.110 Safari/537.36"
::ffff:24.6.51.10 - - [18/May/2017:02:04:57 +0000] "GET /favicon.ico HTTP/1.1" 304 - "http://98.224.216.111:3000/" "Mozilla/5.0 (Macintosh; Intel Mac OS X 10_12_4) AppleWebKit/537.36 (KHTML, like Gecko) Chrome/58.0.3029.110 Safari/537.36"
::ffff:24.6.51.10 - - [18/May/2017:02:04:57 +0000] "GET /news/userId/2@2.com/pageNum/1 HTTP/1.1" 200 6071 "http://98.224.216.111:3000/" "Mozilla/5.0 (Macintosh; Intel Mac OS X 10_12_4) AppleWebKit/537.36 (KHTML, like Gecko) Chrome/58.0.3029.110 Safari/537.36"
::ffff:69.26.141.38 - - [18/May/2017:02:05:03 +0000] "POST /auth/login HTTP/1.1" 400 57 "http://98.224.216.111:3000/" "Mozilla/5.0 (X11; Linux x86_64) AppleWebKit/537.36 (KHTML, like Gecko) Chrome/57.0.2987.110 Safari/537.36"
::ffff:69.26.141.38 - - [18/May/2017:02:05:06 +0000] "GET /favicon.ico HTTP/1.1" 304 - "http://98.224.216.111:3000/signup" "Mozilla/5.0 (X11; Linux x86_64) AppleWebKit/537.36 (KHTML, like Gecko) Chrome/57.0.2987.110 Safari/537.36"
::ffff:24.6.51.10 - - [18/May/2017:02:05:06 +0000] "POST /monitor/process/Load_News_Event HTTP/1.1" 200 - "http://98.224.216.111:3000/" "Mozilla/5.0 (Macintosh; Intel Mac OS X 10_12_4) AppleWebKit/537.36 (KHTML, like Gecko) Chrome/58.0.3029.110 Safari/537.36"
::ffff:24.6.51.10 - - [18/May/2017:02:05:06 +0000] "GET /news/userId/2@2.com/pageNum/2 HTTP/1.1" 200 5471 "http://98.224.216.111:3000/" "Mozilla/5.0 (Macintosh; Intel Mac OS X 10_12_4) AppleWebKit/537.36 (KHTML, like Gecko) Chrome/58.0.3029.110 Safari/537.36"
::ffff:76.115.187.128 - - [18/May/2017:02:05:07 +0000] "GET / HTTP/1.1" 200 744 "-" "Mozilla/5.0 (Macintosh; Intel Mac OS X 10_12_4) AppleWebKit/603.1.30 (KHTML, like Gecko) Version/10.1 Safari/603.1.30"
::ffff:76.115.187.128 - - [18/May/2017:02:05:08 +0000] "GET /favicon.ico HTTP/1.1" 200 13 "http://98.224.216.111:3000/" "Mozilla/5.0 (Macintosh; Intel Mac OS X 10_12_4) AppleWebKit/603.1.30 (KHTML, like Gecko) Version/10.1 Safari/603.1.30"
::ffff:69.26.141.38 - - [18/May/2017:02:05:25 +0000] "POST /auth/signup HTTP/1.1" 200 95 "http://98.224.216.111:3000/signup" "Mozilla/5.0 (X11; Linux x86_64) AppleWebKit/537.36 (KHTML, like Gecko) Chrome/57.0.2987.110 Safari/537.36"
::ffff:69.26.141.38 - - [18/May/2017:02:05:25 +0000] "POST /auth/login HTTP/1.1" 200 247 "http://98.224.216.111:3000/signup" "Mozilla/5.0 (X11; Linux x86_64) AppleWebKit/537.36 (KHTML, like Gecko) Chrome/57.0.2987.110 Safari/537.36"
::ffff:69.26.141.38 - - [18/May/2017:02:05:25 +0000] "POST /monitor/process/Load_News_Event HTTP/1.1" 200 - "http://98.224.216.111:3000/" "Mozilla/5.0 (X11; Linux x86_64) AppleWebKit/537.36 (KHTML, like Gecko) Chrome/57.0.2987.110 Safari/537.36"
::ffff:69.26.141.38 - - [18/May/2017:02:05:25 +0000] "GET /favicon.ico HTTP/1.1" 304 - "http://98.224.216.111:3000/" "Mozilla/5.0 (X11; Linux x86_64) AppleWebKit/537.36 (KHTML, like Gecko) Chrome/57.0.2987.110 Safari/537.36"
::ffff:69.26.141.38 - - [18/May/2017:02:05:25 +0000] "GET /news/userId/e@f.com/pageNum/1 HTTP/1.1" 200 6071 "http://98.224.216.111:3000/" "Mozilla/5.0 (X11; Linux x86_64) AppleWebKit/537.36 (KHTML, like Gecko) Chrome/57.0.2987.110 Safari/537.36"
::ffff:69.26.141.38 - - [18/May/2017:02:05:38 +0000] "POST /news/userId/e@f.com/newsId/W8dVdjtGQ0SZrO/MnWoitQ==%0A HTTP/1.1" 200 13 "http://98.224.216.111:3000/" "Mozilla/5.0 (X11; Linux x86_64) AppleWebKit/537.36 (KHTML, like Gecko) Chrome/57.0.2987.110 Safari/537.36"
::ffff:69.26.141.38 - - [18/May/2017:02:05:38 +0000] "POST /monitor/process/Click_News_Event HTTP/1.1" 200 - "http://98.224.216.111:3000/" "Mozilla/5.0 (X11; Linux x86_64) AppleWebKit/537.36 (KHTML, like Gecko) Chrome/57.0.2987.110 Safari/537.36"
::ffff:69.26.141.38 - - [18/May/2017:02:05:46 +0000] "POST /monitor/process/Load_News_Event HTTP/1.1" 200 - "http://98.224.216.111:3000/" "Mozilla/5.0 (X11; Linux x86_64) AppleWebKit/537.36 (KHTML, like Gecko) Chrome/57.0.2987.110 Safari/537.36"
::ffff:69.26.141.38 - - [18/May/2017:02:05:46 +0000] "GET /news/userId/e@f.com/pageNum/2 HTTP/1.1" 200 5471 "http://98.224.216.111:3000/" "Mozilla/5.0 (X11; Linux x86_64) AppleWebKit/537.36 (KHTML, like Gecko) Chrome/57.0.2987.110 Safari/537.36"
::ffff:24.6.51.10 - - [18/May/2017:02:05:53 +0000] "POST /monitor/process/Click_News_Event HTTP/1.1" 200 - "http://98.224.216.111:3000/" "Mozilla/5.0 (Macintosh; Intel Mac OS X 10_12_4) AppleWebKit/537.36 (KHTML, like Gecko) Chrome/58.0.3029.110 Safari/537.36"
::ffff:24.6.51.10 - - [18/May/2017:02:05:53 +0000] "POST /news/userId/2@2.com/newsId/vC5VBzc6FgO+ooW8F7Z4vw==%0A HTTP/1.1" 200 2 "http://98.224.216.111:3000/" "Mozilla/5.0 (Macintosh; Intel Mac OS X 10_12_4) AppleWebKit/537.36 (KHTML, like Gecko) Chrome/58.0.3029.110 Safari/537.36"
::ffff:73.136.47.5 - - [18/May/2017:02:05:55 +0000] "GET / HTTP/1.1" 200 744 "-" "Mozilla/5.0 (Macintosh; Intel Mac OS X 10_12_4) AppleWebKit/603.1.30 (KHTML, like Gecko) Version/10.1 Safari/603.1.30"
::ffff:69.26.141.38 - - [18/May/2017:02:05:57 +0000] "POST /monitor/process/Search_News_Event HTTP/1.1" 200 - "http://98.224.216.111:3000/" "Mozilla/5.0 (X11; Linux x86_64) AppleWebKit/537.36 (KHTML, like Gecko) Chrome/57.0.2987.110 Safari/537.36"
::ffff:69.26.141.38 - - [18/May/2017:02:05:57 +0000] "GET /search/userId/e@f.com/pageNum/1/key/trump HTTP/1.1" 200 6180 "http://98.224.216.111:3000/" "Mozilla/5.0 (X11; Linux x86_64) AppleWebKit/537.36 (KHTML, like Gecko) Chrome/57.0.2987.110 Safari/537.36"
::ffff:73.136.47.5 - - [18/May/2017:02:05:59 +0000] "GET /favicon.ico HTTP/1.1" 200 13 "http://98.224.216.111:3000/" "Mozilla/5.0 (Macintosh; Intel Mac OS X 10_12_4) AppleWebKit/603.1.30 (KHTML, like Gecko) Version/10.1 Safari/603.1.30"
::ffff:69.26.141.38 - - [18/May/2017:02:06:00 +0000] "GET /favicon.ico HTTP/1.1" 304 - "http://98.224.216.111:3000/" "Mozilla/5.0 (X11; Linux x86_64) AppleWebKit/537.36 (KHTML, like Gecko) Chrome/57.0.2987.110 Safari/537.36"
::ffff:24.6.51.10 - - [18/May/2017:02:06:05 +0000] "POST /monitor/process/Load_News_Event HTTP/1.1" 200 - "http://98.224.216.111:3000/" "Mozilla/5.0 (Macintosh; Intel Mac OS X 10_12_4) AppleWebKit/537.36 (KHTML, like Gecko) Chrome/58.0.3029.110 Safari/537.36"
::ffff:24.6.51.10 - - [18/May/2017:02:06:05 +0000] "GET /news/userId/2@2.com/pageNum/3 HTTP/1.1" 200 6735 "http://98.224.216.111:3000/" "Mozilla/5.0 (Macintosh; Intel Mac OS X 10_12_4) AppleWebKit/537.36 (KHTML, like Gecko) Chrome/58.0.3029.110 Safari/537.36"
::ffff:24.6.51.10 - - [18/May/2017:02:06:05 +0000] "GET /?w=720 HTTP/1.1" 200 744 "http://98.224.216.111:3000/" "Mozilla/5.0 (Macintosh; Intel Mac OS X 10_12_4) AppleWebKit/537.36 (KHTML, like Gecko) Chrome/58.0.3029.110 Safari/537.36"
::ffff:24.6.51.10 - - [18/May/2017:02:06:16 +0000] "POST /monitor/process/Search_News_Event HTTP/1.1" 200 - "http://98.224.216.111:3000/" "Mozilla/5.0 (Macintosh; Intel Mac OS X 10_12_4) AppleWebKit/537.36 (KHTML, like Gecko) Chrome/58.0.3029.110 Safari/537.36"
::ffff:24.6.51.10 - - [18/May/2017:02:06:16 +0000] "GET /search/userId/2@2.com/pageNum/1/key/football HTTP/1.1" 200 4361 "http://98.224.216.111:3000/" "Mozilla/5.0 (Macintosh; Intel Mac OS X 10_12_4) AppleWebKit/537.36 (KHTML, like Gecko) Chrome/58.0.3029.110 Safari/537.36"
::ffff:24.6.51.10 - - [18/May/2017:02:06:24 +0000] "POST /monitor/process/Search_News_Event HTTP/1.1" 200 - "http://98.224.216.111:3000/" "Mozilla/5.0 (Macintosh; Intel Mac OS X 10_12_4) AppleWebKit/537.36 (KHTML, like Gecko) Chrome/58.0.3029.110 Safari/537.36"
::ffff:24.6.51.10 - - [18/May/2017:02:06:24 +0000] "GET /search/userId/2@2.com/pageNum/2/key/football HTTP/1.1" 200 2 "http://98.224.216.111:3000/" "Mozilla/5.0 (Macintosh; Intel Mac OS X 10_12_4) AppleWebKit/537.36 (KHTML, like Gecko) Chrome/58.0.3029.110 Safari/537.36"
::ffff:98.234.185.136 - - [18/May/2017:02:09:13 +0000] "GET / HTTP/1.1" 200 744 "-" "Mozilla/5.0 (Macintosh; Intel Mac OS X 10_12_3) AppleWebKit/537.36 (KHTML, like Gecko) Chrome/57.0.2987.133 Safari/537.36"
::ffff:98.234.185.136 - - [18/May/2017:02:09:14 +0000] "GET /favicon.ico HTTP/1.1" 200 13 "http://98.224.216.111:3000/" "Mozilla/5.0 (Macintosh; Intel Mac OS X 10_12_3) AppleWebKit/537.36 (KHTML, like Gecko) Chrome/57.0.2987.133 Safari/537.36"
::ffff:104.32.138.9 - - [18/May/2017:02:09:20 +0000] "GET / HTTP/1.1" 200 744 "-" "Mozilla/5.0 (Macintosh; Intel Mac OS X 10_12_4) AppleWebKit/537.36 (KHTML, like Gecko) Chrome/58.0.3029.110 Safari/537.36"
::ffff:104.32.138.9 - - [18/May/2017:02:09:21 +0000] "GET /favicon.ico HTTP/1.1" 200 13 "http://98.224.216.111:3000/" "Mozilla/5.0 (Macintosh; Intel Mac OS X 10_12_4) AppleWebKit/537.36 (KHTML, like Gecko) Chrome/58.0.3029.110 Safari/537.36"
::ffff:98.234.185.136 - - [18/May/2017:02:09:25 +0000] "GET /favicon.ico HTTP/1.1" 304 - "http://98.224.216.111:3000/signup" "Mozilla/5.0 (Macintosh; Intel Mac OS X 10_12_3) AppleWebKit/537.36 (KHTML, like Gecko) Chrome/57.0.2987.133 Safari/537.36"
::ffff:104.32.138.9 - - [18/May/2017:02:09:31 +0000] "POST /auth/login HTTP/1.1" 400 57 "http://98.224.216.111:3000/" "Mozilla/5.0 (Macintosh; Intel Mac OS X 10_12_4) AppleWebKit/537.36 (KHTML, like Gecko) Chrome/58.0.3029.110 Safari/537.36"
::ffff:104.32.138.9 - - [18/May/2017:02:09:33 +0000] "GET /favicon.ico HTTP/1.1" 304 - "http://98.224.216.111:3000/signup" "Mozilla/5.0 (Macintosh; Intel Mac OS X 10_12_4) AppleWebKit/537.36 (KHTML, like Gecko) Chrome/58.0.3029.110 Safari/537.36"
::ffff:104.32.138.9 - - [18/May/2017:02:09:45 +0000] "POST /auth/signup HTTP/1.1" 200 95 "http://98.224.216.111:3000/signup" "Mozilla/5.0 (Macintosh; Intel Mac OS X 10_12_4) AppleWebKit/537.36 (KHTML, like Gecko) Chrome/58.0.3029.110 Safari/537.36"
::ffff:104.32.138.9 - - [18/May/2017:02:09:45 +0000] "POST /auth/login HTTP/1.1" 200 257 "http://98.224.216.111:3000/signup" "Mozilla/5.0 (Macintosh; Intel Mac OS X 10_12_4) AppleWebKit/537.36 (KHTML, like Gecko) Chrome/58.0.3029.110 Safari/537.36"
::ffff:104.32.138.9 - - [18/May/2017:02:09:45 +0000] "POST /monitor/process/Load_News_Event HTTP/1.1" 200 - "http://98.224.216.111:3000/" "Mozilla/5.0 (Macintosh; Intel Mac OS X 10_12_4) AppleWebKit/537.36 (KHTML, like Gecko) Chrome/58.0.3029.110 Safari/537.36"
::ffff:104.32.138.9 - - [18/May/2017:02:09:45 +0000] "GET /favicon.ico HTTP/1.1" 304 - "http://98.224.216.111:3000/" "Mozilla/5.0 (Macintosh; Intel Mac OS X 10_12_4) AppleWebKit/537.36 (KHTML, like Gecko) Chrome/58.0.3029.110 Safari/537.36"
::ffff:104.32.138.9 - - [18/May/2017:02:09:45 +0000] "GET /news/userId/qlyu044@gmail.com/pageNum/1 HTTP/1.1" 200 6071 "http://98.224.216.111:3000/" "Mozilla/5.0 (Macintosh; Intel Mac OS X 10_12_4) AppleWebKit/537.36 (KHTML, like Gecko) Chrome/58.0.3029.110 Safari/537.36"
::ffff:107.134.76.132 - - [18/May/2017:02:10:01 +0000] "GET / HTTP/1.1" 200 744 "-" "Mozilla/5.0 (Macintosh; Intel Mac OS X 10_12_4) AppleWebKit/537.36 (KHTML, like Gecko) Chrome/57.0.2987.133 Safari/537.36"
::ffff:107.134.76.132 - - [18/May/2017:02:10:03 +0000] "GET /favicon.ico HTTP/1.1" 200 13 "http://98.224.216.111:3000/" "Mozilla/5.0 (Macintosh; Intel Mac OS X 10_12_4) AppleWebKit/537.36 (KHTML, like Gecko) Chrome/57.0.2987.133 Safari/537.36"
::ffff:107.134.76.132 - - [18/May/2017:02:10:21 +0000] "POST /auth/login HTTP/1.1" 400 57 "http://98.224.216.111:3000/" "Mozilla/5.0 (Macintosh; Intel Mac OS X 10_12_4) AppleWebKit/537.36 (KHTML, like Gecko) Chrome/57.0.2987.133 Safari/537.36"
::ffff:107.134.76.132 - - [18/May/2017:02:10:25 +0000] "GET /favicon.ico HTTP/1.1" 304 - "http://98.224.216.111:3000/signup" "Mozilla/5.0 (Macintosh; Intel Mac OS X 10_12_4) AppleWebKit/537.36 (KHTML, like Gecko) Chrome/57.0.2987.133 Safari/537.36"
::ffff:107.134.76.132 - - [18/May/2017:02:10:35 +0000] "POST /auth/signup HTTP/1.1" 400 122 "http://98.224.216.111:3000/signup" "Mozilla/5.0 (Macintosh; Intel Mac OS X 10_12_4) AppleWebKit/537.36 (KHTML, like Gecko) Chrome/57.0.2987.133 Safari/537.36"
::ffff:107.134.76.132 - - [18/May/2017:02:10:47 +0000] "POST /auth/signup HTTP/1.1" 200 95 "http://98.224.216.111:3000/signup" "Mozilla/5.0 (Macintosh; Intel Mac OS X 10_12_4) AppleWebKit/537.36 (KHTML, like Gecko) Chrome/57.0.2987.133 Safari/537.36"
::ffff:107.134.76.132 - - [18/May/2017:02:10:47 +0000] "POST /auth/login HTTP/1.1" 200 253 "http://98.224.216.111:3000/signup" "Mozilla/5.0 (Macintosh; Intel Mac OS X 10_12_4) AppleWebKit/537.36 (KHTML, like Gecko) Chrome/57.0.2987.133 Safari/537.36"
::ffff:107.134.76.132 - - [18/May/2017:02:10:47 +0000] "POST /monitor/process/Load_News_Event HTTP/1.1" 200 - "http://98.224.216.111:3000/" "Mozilla/5.0 (Macintosh; Intel Mac OS X 10_12_4) AppleWebKit/537.36 (KHTML, like Gecko) Chrome/57.0.2987.133 Safari/537.36"
::ffff:107.134.76.132 - - [18/May/2017:02:10:47 +0000] "GET /favicon.ico HTTP/1.1" 304 - "http://98.224.216.111:3000/" "Mozilla/5.0 (Macintosh; Intel Mac OS X 10_12_4) AppleWebKit/537.36 (KHTML, like Gecko) Chrome/57.0.2987.133 Safari/537.36"
::ffff:107.134.76.132 - - [18/May/2017:02:10:47 +0000] "GET /news/userId/abc@gmail.com/pageNum/1 HTTP/1.1" 200 6071 "http://98.224.216.111:3000/" "Mozilla/5.0 (Macintosh; Intel Mac OS X 10_12_4) AppleWebKit/537.36 (KHTML, like Gecko) Chrome/57.0.2987.133 Safari/537.36"
::ffff:107.134.76.132 - - [18/May/2017:02:11:02 +0000] "POST /monitor/process/Load_News_Event HTTP/1.1" 200 - "http://98.224.216.111:3000/" "Mozilla/5.0 (Macintosh; Intel Mac OS X 10_12_4) AppleWebKit/537.36 (KHTML, like Gecko) Chrome/57.0.2987.133 Safari/537.36"
::ffff:107.134.76.132 - - [18/May/2017:02:11:02 +0000] "GET /news/userId/abc@gmail.com/pageNum/2 HTTP/1.1" 200 5471 "http://98.224.216.111:3000/" "Mozilla/5.0 (Macintosh; Intel Mac OS X 10_12_4) AppleWebKit/537.36 (KHTML, like Gecko) Chrome/57.0.2987.133 Safari/537.36"
::ffff:107.134.76.132 - - [18/May/2017:02:11:03 +0000] "POST /monitor/process/Load_News_Event HTTP/1.1" 200 - "http://98.224.216.111:3000/" "Mozilla/5.0 (Macintosh; Intel Mac OS X 10_12_4) AppleWebKit/537.36 (KHTML, like Gecko) Chrome/57.0.2987.133 Safari/537.36"
::ffff:107.134.76.132 - - [18/May/2017:02:11:03 +0000] "GET /news/userId/abc@gmail.com/pageNum/3 HTTP/1.1" 200 6735 "http://98.224.216.111:3000/" "Mozilla/5.0 (Macintosh; Intel Mac OS X 10_12_4) AppleWebKit/537.36 (KHTML, like Gecko) Chrome/57.0.2987.133 Safari/537.36"
::ffff:107.134.76.132 - - [18/May/2017:02:11:03 +0000] "GET /?w=720 HTTP/1.1" 200 744 "http://98.224.216.111:3000/" "Mozilla/5.0 (Macintosh; Intel Mac OS X 10_12_4) AppleWebKit/537.36 (KHTML, like Gecko) Chrome/57.0.2987.133 Safari/537.36"
::ffff:107.134.76.132 - - [18/May/2017:02:11:05 +0000] "POST /monitor/process/Click_News_Event HTTP/1.1" 200 - "http://98.224.216.111:3000/" "Mozilla/5.0 (Macintosh; Intel Mac OS X 10_12_4) AppleWebKit/537.36 (KHTML, like Gecko) Chrome/57.0.2987.133 Safari/537.36"
::ffff:107.134.76.132 - - [18/May/2017:02:11:05 +0000] "POST /news/userId/abc@gmail.com/newsId/vC5VBzc6FgO+ooW8F7Z4vw==%0A HTTP/1.1" 200 2 "http://98.224.216.111:3000/" "Mozilla/5.0 (Macintosh; Intel Mac OS X 10_12_4) AppleWebKit/537.36 (KHTML, like Gecko) Chrome/57.0.2987.133 Safari/537.36"
::ffff:107.134.76.132 - - [18/May/2017:02:11:28 +0000] "GET /?w=720 HTTP/1.1" 304 - "http://98.224.216.111:3000/" "Mozilla/5.0 (Macintosh; Intel Mac OS X 10_12_4) AppleWebKit/537.36 (KHTML, like Gecko) Chrome/57.0.2987.133 Safari/537.36"
::ffff:107.134.76.132 - - [18/May/2017:02:11:29 +0000] "POST /monitor/process/Load_News_Event HTTP/1.1" 200 - "http://98.224.216.111:3000/" "Mozilla/5.0 (Macintosh; Intel Mac OS X 10_12_4) AppleWebKit/537.36 (KHTML, like Gecko) Chrome/57.0.2987.133 Safari/537.36"
::ffff:107.134.76.132 - - [18/May/2017:02:11:29 +0000] "GET /news/userId/abc@gmail.com/pageNum/4 HTTP/1.1" 200 6805 "http://98.224.216.111:3000/" "Mozilla/5.0 (Macintosh; Intel Mac OS X 10_12_4) AppleWebKit/537.36 (KHTML, like Gecko) Chrome/57.0.2987.133 Safari/537.36"
::ffff:107.134.76.132 - - [18/May/2017:02:11:30 +0000] "GET /?w=720 HTTP/1.1" 304 - "http://98.224.216.111:3000/" "Mozilla/5.0 (Macintosh; Intel Mac OS X 10_12_4) AppleWebKit/537.36 (KHTML, like Gecko) Chrome/57.0.2987.133 Safari/537.36"
::ffff:104.32.138.9 - - [18/May/2017:02:13:30 +0000] "POST /monitor/process/Load_News_Event HTTP/1.1" 200 - "http://98.224.216.111:3000/" "Mozilla/5.0 (Macintosh; Intel Mac OS X 10_12_4) AppleWebKit/537.36 (KHTML, like Gecko) Chrome/58.0.3029.110 Safari/537.36"
::ffff:104.32.138.9 - - [18/May/2017:02:13:30 +0000] "GET /news/userId/qlyu044@gmail.com/pageNum/2 HTTP/1.1" 200 5471 "http://98.224.216.111:3000/" "Mozilla/5.0 (Macintosh; Intel Mac OS X 10_12_4) AppleWebKit/537.36 (KHTML, like Gecko) Chrome/58.0.3029.110 Safari/537.36"
::ffff:104.32.138.9 - - [18/May/2017:02:13:42 +0000] "POST /monitor/process/Load_News_Event HTTP/1.1" 200 - "http://98.224.216.111:3000/" "Mozilla/5.0 (Macintosh; Intel Mac OS X 10_12_4) AppleWebKit/537.36 (KHTML, like Gecko) Chrome/58.0.3029.110 Safari/537.36"
::ffff:104.32.138.9 - - [18/May/2017:02:13:42 +0000] "GET /news/userId/qlyu044@gmail.com/pageNum/3 HTTP/1.1" 200 6735 "http://98.224.216.111:3000/" "Mozilla/5.0 (Macintosh; Intel Mac OS X 10_12_4) AppleWebKit/537.36 (KHTML, like Gecko) Chrome/58.0.3029.110 Safari/537.36"
::ffff:104.32.138.9 - - [18/May/2017:02:13:42 +0000] "GET /?w=720 HTTP/1.1" 200 744 "http://98.224.216.111:3000/" "Mozilla/5.0 (Macintosh; Intel Mac OS X 10_12_4) AppleWebKit/537.36 (KHTML, like Gecko) Chrome/58.0.3029.110 Safari/537.36"
::ffff:98.224.216.111 - - [18/May/2017:02:18:50 +0000] "GET /favicon.ico HTTP/1.1" 304 - "http://98.224.216.111:3000/profile" "Mozilla/5.0 (Macintosh; Intel Mac OS X 10_12_5) AppleWebKit/537.36 (KHTML, like Gecko) Chrome/58.0.3029.110 Safari/537.36"
::ffff:68.36.96.227 - - [18/May/2017:02:18:54 +0000] "GET / HTTP/1.1" 200 744 "-" "Mozilla/5.0 (Windows NT 10.0; Win64; x64) AppleWebKit/537.36 (KHTML, like Gecko) Chrome/57.0.2987.133 Safari/537.36"
::ffff:68.36.96.227 - - [18/May/2017:02:18:55 +0000] "GET /favicon.ico HTTP/1.1" 200 13 "http://98.224.216.111:3000/" "Mozilla/5.0 (Windows NT 10.0; Win64; x64) AppleWebKit/537.36 (KHTML, like Gecko) Chrome/57.0.2987.133 Safari/537.36"
::ffff:71.212.101.199 - - [18/May/2017:02:18:57 +0000] "GET / HTTP/1.1" 200 744 "-" "Mozilla/5.0 (Macintosh; Intel Mac OS X 10_12_4) AppleWebKit/603.1.30 (KHTML, like Gecko) Version/10.1 Safari/603.1.30"
::ffff:68.36.96.227 - - [18/May/2017:02:18:58 +0000] "GET /favicon.ico HTTP/1.1" 304 - "http://98.224.216.111:3000/signup" "Mozilla/5.0 (Windows NT 10.0; Win64; x64) AppleWebKit/537.36 (KHTML, like Gecko) Chrome/57.0.2987.133 Safari/537.36"
::ffff:71.212.101.199 - - [18/May/2017:02:18:58 +0000] "GET /favicon.ico HTTP/1.1" 200 13 "http://98.224.216.111:3000/" "Mozilla/5.0 (Macintosh; Intel Mac OS X 10_12_4) AppleWebKit/603.1.30 (KHTML, like Gecko) Version/10.1 Safari/603.1.30"
::ffff:68.36.96.227 - - [18/May/2017:02:19:11 +0000] "POST /auth/signup HTTP/1.1" 200 95 "http://98.224.216.111:3000/signup" "Mozilla/5.0 (Windows NT 10.0; Win64; x64) AppleWebKit/537.36 (KHTML, like Gecko) Chrome/57.0.2987.133 Safari/537.36"
::ffff:68.36.96.227 - - [18/May/2017:02:19:11 +0000] "POST /auth/login HTTP/1.1" 200 259 "http://98.224.216.111:3000/signup" "Mozilla/5.0 (Windows NT 10.0; Win64; x64) AppleWebKit/537.36 (KHTML, like Gecko) Chrome/57.0.2987.133 Safari/537.36"
::ffff:68.36.96.227 - - [18/May/2017:02:19:12 +0000] "POST /monitor/process/Load_News_Event HTTP/1.1" 200 - "http://98.224.216.111:3000/" "Mozilla/5.0 (Windows NT 10.0; Win64; x64) AppleWebKit/537.36 (KHTML, like Gecko) Chrome/57.0.2987.133 Safari/537.36"
::ffff:68.36.96.227 - - [18/May/2017:02:19:12 +0000] "GET /favicon.ico HTTP/1.1" 304 - "http://98.224.216.111:3000/" "Mozilla/5.0 (Windows NT 10.0; Win64; x64) AppleWebKit/537.36 (KHTML, like Gecko) Chrome/57.0.2987.133 Safari/537.36"
::ffff:68.36.96.227 - - [18/May/2017:02:19:12 +0000] "GET /news/userId/maoxummbb@gmail.com/pageNum/1 HTTP/1.1" 200 6071 "http://98.224.216.111:3000/" "Mozilla/5.0 (Windows NT 10.0; Win64; x64) AppleWebKit/537.36 (KHTML, like Gecko) Chrome/57.0.2987.133 Safari/537.36"
::ffff:68.36.96.227 - - [18/May/2017:02:19:17 +0000] "POST /monitor/process/Load_News_Event HTTP/1.1" 200 - "http://98.224.216.111:3000/" "Mozilla/5.0 (Windows NT 10.0; Win64; x64) AppleWebKit/537.36 (KHTML, like Gecko) Chrome/57.0.2987.133 Safari/537.36"
::ffff:68.36.96.227 - - [18/May/2017:02:19:17 +0000] "GET /news/userId/maoxummbb@gmail.com/pageNum/2 HTTP/1.1" 200 5471 "http://98.224.216.111:3000/" "Mozilla/5.0 (Windows NT 10.0; Win64; x64) AppleWebKit/537.36 (KHTML, like Gecko) Chrome/57.0.2987.133 Safari/537.36"
::ffff:68.36.96.227 - - [18/May/2017:02:19:20 +0000] "POST /monitor/process/Load_News_Event HTTP/1.1" 200 - "http://98.224.216.111:3000/" "Mozilla/5.0 (Windows NT 10.0; Win64; x64) AppleWebKit/537.36 (KHTML, like Gecko) Chrome/57.0.2987.133 Safari/537.36"
::ffff:68.36.96.227 - - [18/May/2017:02:19:20 +0000] "GET /news/userId/maoxummbb@gmail.com/pageNum/3 HTTP/1.1" 200 6735 "http://98.224.216.111:3000/" "Mozilla/5.0 (Windows NT 10.0; Win64; x64) AppleWebKit/537.36 (KHTML, like Gecko) Chrome/57.0.2987.133 Safari/537.36"
::ffff:68.36.96.227 - - [18/May/2017:02:19:20 +0000] "GET /?w=720 HTTP/1.1" 200 744 "http://98.224.216.111:3000/" "Mozilla/5.0 (Windows NT 10.0; Win64; x64) AppleWebKit/537.36 (KHTML, like Gecko) Chrome/57.0.2987.133 Safari/537.36"
::ffff:76.115.187.128 - - [18/May/2017:02:19:21 +0000] "GET /favicon.ico HTTP/1.1" 304 - "http://98.224.216.111:3000/" "Mozilla/5.0 (Macintosh; Intel Mac OS X 10_12_4) AppleWebKit/603.1.30 (KHTML, like Gecko) Version/10.1 Safari/603.1.30"
::ffff:76.115.187.128 - - [18/May/2017:02:19:21 +0000] "GET / HTTP/1.1" 304 - "-" "Mozilla/5.0 (Macintosh; Intel Mac OS X 10_12_4) AppleWebKit/603.1.30 (KHTML, like Gecko) Version/10.1 Safari/603.1.30"
::ffff:73.136.47.5 - - [18/May/2017:02:19:22 +0000] "GET /favicon.ico HTTP/1.1" 304 - "http://98.224.216.111:3000/" "Mozilla/5.0 (Macintosh; Intel Mac OS X 10_12_4) AppleWebKit/603.1.30 (KHTML, like Gecko) Version/10.1 Safari/603.1.30"
::ffff:73.136.47.5 - - [18/May/2017:02:19:22 +0000] "GET / HTTP/1.1" 304 - "-" "Mozilla/5.0 (Macintosh; Intel Mac OS X 10_12_4) AppleWebKit/603.1.30 (KHTML, like Gecko) Version/10.1 Safari/603.1.30"
::ffff:24.6.51.10 - - [18/May/2017:02:19:22 +0000] "GET /profile HTTP/1.1" 200 744 "-" "Mozilla/5.0 (Macintosh; Intel Mac OS X 10_12_4) AppleWebKit/537.36 (KHTML, like Gecko) Chrome/58.0.3029.110 Safari/537.36"
::ffff:24.6.51.10 - - [18/May/2017:02:19:28 +0000] "GET /favicon.ico HTTP/1.1" 304 - "http://98.224.216.111:3000/profile" "Mozilla/5.0 (Macintosh; Intel Mac OS X 10_12_4) AppleWebKit/537.36 (KHTML, like Gecko) Chrome/58.0.3029.110 Safari/537.36"
::ffff:71.212.101.199 - - [18/May/2017:02:19:36 +0000] "GET /signup HTTP/1.1" 200 744 "-" "Mozilla/5.0 (Macintosh; Intel Mac OS X 10_12_4) AppleWebKit/537.36 (KHTML, like Gecko) Chrome/58.0.3029.110 Safari/537.36"
::ffff:98.224.216.111 - - [18/May/2017:02:19:37 +0000] "GET / HTTP/1.1" 304 - "http://98.224.216.111:3000/profile" "Mozilla/5.0 (Macintosh; Intel Mac OS X 10_12_5) AppleWebKit/537.36 (KHTML, like Gecko) Chrome/58.0.3029.110 Safari/537.36"
::ffff:98.224.216.111 - - [18/May/2017:02:19:37 +0000] "POST /monitor/process/Load_News_Event HTTP/1.1" 200 - "http://98.224.216.111:3000/" "Mozilla/5.0 (Macintosh; Intel Mac OS X 10_12_5) AppleWebKit/537.36 (KHTML, like Gecko) Chrome/58.0.3029.110 Safari/537.36"
::ffff:98.224.216.111 - - [18/May/2017:02:19:37 +0000] "GET /news/userId/wgltony@hotmail.com/pageNum/1 HTTP/1.1" 304 - "http://98.224.216.111:3000/" "Mozilla/5.0 (Macintosh; Intel Mac OS X 10_12_5) AppleWebKit/537.36 (KHTML, like Gecko) Chrome/58.0.3029.110 Safari/537.36"
::ffff:98.224.216.111 - - [18/May/2017:02:19:37 +0000] "GET /favicon.ico HTTP/1.1" 304 - "http://98.224.216.111:3000/" "Mozilla/5.0 (Macintosh; Intel Mac OS X 10_12_5) AppleWebKit/537.36 (KHTML, like Gecko) Chrome/58.0.3029.110 Safari/537.36"
::ffff:71.212.101.199 - - [18/May/2017:02:19:38 +0000] "GET /favicon.ico HTTP/1.1" 200 13 "http://98.224.216.111:3000/signup" "Mozilla/5.0 (Macintosh; Intel Mac OS X 10_12_4) AppleWebKit/537.36 (KHTML, like Gecko) Chrome/58.0.3029.110 Safari/537.36"
